// Jest Snapshot v1, https://goo.gl/fbAQLP

exports[`IssuesTable capturing snapshot of IssuesTable 1`] = `
<div>
  <div
    className="sc-chPdSV eGHSRH"
  >
    <div
      className="sc-kGXeez dafFID"
    >
      <div
        className="sc-dxgOiQ OhWjr sc-bdVaJa xDNXI"
      >
        <svg
          fill="currentColor"
          height="1em"
          preserveAspectRatio="xMidYMid meet"
          style={
            Object {
              "color": undefined,
              "marginRight": "0.5em",
              "verticalAlign": "middle",
            }
          }
          viewBox="0 0 40 40"
          width="1em"
        >
          <g>
            <path
              d="m20.1 2.9q4.7 0 8.6 2.3t6.3 6.2 2.3 8.6-2.3 8.6-6.3 6.2-8.6 2.3-8.6-2.3-6.2-6.2-2.3-8.6 2.3-8.6 6.2-6.2 8.6-2.3z m2.9 27.8v-4.2q0-0.4-0.2-0.6t-0.5-0.2h-4.3q-0.3 0-0.5 0.2t-0.2 0.5v4.3q0 0.3 0.2 0.5t0.5 0.2h4.3q0.3 0 0.5-0.2t0.2-0.5z m0-7.7l0.4-13.8q0-0.3-0.3-0.5-0.2-0.1-0.5-0.1h-4.9q-0.3 0-0.5 0.1-0.3 0.2-0.3 0.4l0.4 13.9q0 0.2 0.2 0.4t0.6 0.2h4.1q0.3 0 0.5-0.2t0.3-0.4z"
            />
          </g>
        </svg>
        1
         Open
      </div>
      <div
        className="sc-dxgOiQ OhWjr sc-bdVaJa xDNXI"
      >
        <svg
          fill="currentColor"
          height="1em"
          preserveAspectRatio="xMidYMid meet"
          style={
            Object {
              "color": undefined,
              "marginRight": "0.5em",
              "verticalAlign": "middle",
            }
          }
          viewBox="0 0 40 40"
          width="1em"
        >
          <g>
            <path
              d="m37.3 12.6q0 0.9-0.6 1.6l-19.2 19.1q-0.6 0.7-1.5 0.7t-1.6-0.7l-11.1-11.1q-0.6-0.6-0.6-1.5t0.6-1.5l3.1-3q0.6-0.7 1.5-0.7t1.5 0.7l6.6 6.5 14.6-14.6q0.6-0.6 1.5-0.6t1.5 0.6l3.1 3q0.6 0.6 0.6 1.5z"
            />
          </g>
        </svg>
        0
         Closed
      </div>
    </div>
    <div
      className="sc-kpOJdX jaVOMK"
    >
      <button
        className="sc-ckVGcZ fjZFkl"
        onClick={[Function]}
      >
        Author 
        <svg
          fill="currentColor"
          height="1em"
          preserveAspectRatio="xMidYMid meet"
          style={
            Object {
              "color": undefined,
              "verticalAlign": "middle",
            }
          }
          viewBox="0 0 40 40"
          width="1em"
        >
          <g>
            <path
              d="m31.4 15.7q0 0.6-0.5 1l-10 10q-0.4 0.4-1 0.4t-1-0.4l-10-10q-0.4-0.4-0.4-1t0.4-1 1-0.4h20q0.6 0 1 0.4t0.5 1z"
            />
          </g>
        </svg>
      </button>
      <button
        className="sc-ckVGcZ fjZFkl"
        onClick={[Function]}
      >
        Label 
        <svg
          fill="currentColor"
          height="1em"
          preserveAspectRatio="xMidYMid meet"
          style={
            Object {
              "color": undefined,
              "verticalAlign": "middle",
            }
          }
          viewBox="0 0 40 40"
          width="1em"
        >
          <g>
            <path
              d="m31.4 15.7q0 0.6-0.5 1l-10 10q-0.4 0.4-1 0.4t-1-0.4l-10-10q-0.4-0.4-0.4-1t0.4-1 1-0.4h20q0.6 0 1 0.4t0.5 1z"
            />
          </g>
        </svg>
      </button>
    </div>
  </div>
  <div
    className="sc-kgoBCf hmeoKY"
  >
    <div
      className="sc-ifAKCX lHalS"
    >
      <div
        className="sc-bdVaJa xDNXI"
      >
        <svg
          fill="currentColor"
          height="1em"
          preserveAspectRatio="xMidYMid meet"
          style={
            Object {
              "color": undefined,
              "marginRight": "0.5em",
              "verticalAlign": "middle",
            }
          }
          viewBox="0 0 40 40"
          width="1em"
        >
          <g>
            <path
              d="m20.1 2.9q4.7 0 8.6 2.3t6.3 6.2 2.3 8.6-2.3 8.6-6.3 6.2-8.6 2.3-8.6-2.3-6.2-6.2-2.3-8.6 2.3-8.6 6.2-6.2 8.6-2.3z m2.9 27.8v-4.2q0-0.4-0.2-0.6t-0.5-0.2h-4.3q-0.3 0-0.5 0.2t-0.2 0.5v4.3q0 0.3 0.2 0.5t0.5 0.2h4.3q0.3 0 0.5-0.2t0.2-0.5z m0-7.7l0.4-13.8q0-0.3-0.3-0.5-0.2-0.1-0.5-0.1h-4.9q-0.3 0-0.5 0.1-0.3 0.2-0.3 0.4l0.4 13.9q0 0.2 0.2 0.4t0.6 0.2h4.1q0.3 0 0.5-0.2t0.3-0.4z"
            />
          </g>
        </svg>
      </div>
      <div
        className="sc-EHOje YINzU"
      >
        <div
          className="sc-bZQynM jdkaLI"
        >
          <a
            className="sc-gzVnrw dUTaIu"
            href="https://github.com/jekyll/jekyll-admin/issues/456"
            target="_blank"
          >
            Security issues
          </a>
          <div
            className="sc-iwsKbI bshbDz"
          />
          <div
            className="sc-gZMcBi hWXGrZ"
          />
        </div>
        <div
          className="sc-gqjmRU kNPpqd"
        >
          #456 opend on 2018-03-21T15:13:00Z by
           
          <a
            className="sc-htoDjs gjQERW"
            href="https://github.com/theunluckyone1"
            target="_blank"
          >
            theunluckyone1
          </a>
        </div>
      </div>
    </div>
  </div>
</div>
`;
